// Jest Snapshot v1, https://goo.gl/fbAQLP

exports[`Error renders correctly 1`] = `
<div
  className="MuiBox-root MuiBox-root-2"
>
  <h6
    className="MuiTypography-root MuiTypography-h6"
  >
    Something went wrong...Please, try again...
  </h6>
</div>
`;

exports[`Layout renders correctly 1`] = `
<div
  className="MuiBox-root MuiBox-root-2"
>
  <h6
    className="MuiTypography-root MuiTypography-h6"
  >
    Something went wrong...Please, try again...
  </h6>
</div>
`;
